2025-09-17 18:18:48,383 [ERROR] Erro durante a execução:
Traceback (most recent call last):
  File "lib_acess_orb.py", line 83, in main_func
  File "selenium\webdriver\remote\webdriver.py", line 551, in execute_script
  File "selenium\webdriver\remote\webdriver.py", line 454, in execute
  File "selenium\webdriver\remote\errorhandler.py", line 232, in check_response
selenium.common.exceptions.InvalidSessionIdException: Message: invalid session id: session deleted as the browser has closed the connection
from disconnected: not connected to DevTools
  (Session info: chrome=140.0.7339.128); For documentation on this error, please visit: https://www.selenium.dev/documentation/webdriver/troubleshooting/errors#invalidsessionidexception
Stacktrace:
	GetHandleVerifier [0x0x7ff6e6cefc95+79861]
	GetHandleVerifier [0x0x7ff6e6cefcf0+79952]
	(No symbol) [0x0x7ff6e6a6cada]
	(No symbol) [0x0x7ff6e6a58995]
	(No symbol) [0x0x7ff6e6a7dbda]
	(No symbol) [0x0x7ff6e6af4346]
	(No symbol) [0x0x7ff6e6b148c2]
	(No symbol) [0x0x7ff6e6aec8b3]
	(No symbol) [0x0x7ff6e6ab5272]
	(No symbol) [0x0x7ff6e6ab6043]
	GetHandleVerifier [0x0x7ff6e6fab9cd+2946349]
	GetHandleVerifier [0x0x7ff6e6fa5c4a+2922410]
	GetHandleVerifier [0x0x7ff6e6fc59d7+3052855]
	GetHandleVerifier [0x0x7ff6e6d0aa7e+189918]
	GetHandleVerifier [0x0x7ff6e6d12a1f+222591]
	GetHandleVerifier [0x0x7ff6e6cf8ab4+116244]
	GetHandleVerifier [0x0x7ff6e6cf8c69+116681]
	GetHandleVerifier [0x0x7ff6e6cdf048+11176]
	BaseThreadInitThunk [0x0x7ffa87a87374+20]
	RtlUserThreadStart [0x0x7ffa8925cc91+33]


2025-09-17 18:18:48,384 [INFO] Execução finalizada (try/except/finally).
2025-09-17 18:18:50,616 [INFO] Driver fechado com sucesso.
